AREA .  .ABS.
	RADIX HEX
	BASE 0000
	SIZE 0000
	ATTRIB ABS OVR
	GLOBALS
		l__HEAP	0000
		l__BSEG	0000
		l_.  .ABS.	0000
		l__GSFINAL	0000
		l__ISEG	0000
		s_.  .ABS.	0000
		s__HEADER	0000
		l__XSEG	0000
		.init	0000
		l__OVERLAY	0000
		l__LIT	0000
		l__GSINITTAIL	0001
		l__BSS	0059
		l__HOME	01D3
		l__HEADER	01E1
		s__CODE	0200
		l__BASE	0205
		l__GSINIT	0430
		l__DATA	09C0
		l__CODE	17BE
		s__HOME	19BE
		s__BASE	1B91
		s__LIT	1D96
		s__GSINIT	1D96
		s__GSINITTAIL	21C6
		s__GSFINAL	21C7
		.OAM	C000
		s__DATA	C0A0
		s__BSS	CA60
		s__HEAP	CAB9
		s__BSEG	CAB9
		s__ISEG	CAB9
		s__XSEG	CAB9
		s__OVERLAY	CAB9
		.STACK	E000
		.refresh_OAM	FF80
AREA _CODE
	RADIX HEX
	BASE 0200
	SIZE 17BE
	ATTRIB REL CON
	GLOBALS
		_performantdelay	0200
		_GhostsSplash_data	0214
		_GhostsSplash_map	1524
		_main	168C
AREA _HEADER
	RADIX HEX
	BASE 0000
	SIZE 01E1
	ATTRIB ABS OVR
	GLOBALS
		_exit	01D2
AREA _HOME
	RADIX HEX
	BASE 19BE
	SIZE 01D3
	ATTRIB REL CON
	GLOBALS
		.set_mode	19BE
		.remove_VBL	19CE
		.remove_LCD	19D4
		.remove_TIM	19DA
		.remove_SIO	19E0
		.remove_JOY	19E6
		.add_VBL	19EC
		.add_LCD	19F2
		.add_TIM	19F8
		.add_SIO	19FE
		.add_JOY	1A04
		.remove_int	1A0A
		.add_int	1A2A
		.wait_vbl_done	1A46
		_wait_vbl_done	1A46
		_display_off	1A5D
		.display_off	1A5D
		.serial_IO	1A7E
		_mode	1AAD
		_get_mode	1AB6
		_enable_interrupts	1ABB
		_disable_interrupts	1ABD
		_reset	1ABF
		.reset	1ABF
		_set_interrupts	1AC5
		_remove_VBL	1AD0
		_remove_LCD	1ADB
		_remove_TIM	1AE6
		_remove_SIO	1AF1
		_remove_JOY	1AFC
		_add_VBL	1B07
		_add_LCD	1B12
		_add_TIM	1B1D
		_add_SIO	1B28
		_add_JOY	1B33
		_clock	1B3E
		__printTStates	1B47
		banked_call	1B48
		banked_ret	1B61
		__initrleblock	1B6A
AREA _BASE
	RADIX HEX
	BASE 1B91
	SIZE 0205
	ATTRIB REL CON
	GLOBALS
		_scroll_bkg	1B91
		.set_sprite_prop	1BA7
		_set_sprite_prop	1BB4
		.padup	1BBF
		_waitpadup	1BBF
		.jpad	1BCF
		.wait_pad	1BFC
		_joypad	1C03
		_waitpad	1C08
		.mv_sprite	1C12
		_move_sprite	1C21
		_set_win_data	1C2E
		_set_bkg_data	1C2E
		_set_sprite_data	1C7B
		.scroll_sprite	1CAA
		_scroll_sprite	1CBB
		.set_sprite_tile	1CC8
		_set_sprite_tile	1CD5
		.get_sprite_prop	1CE0
		_get_sprite_prop	1CED
		.copy_vram	1CF6
		_get_data	1D05
		_set_data	1D05
		_set_bkg_tiles	1D18
		.set_xy_wtt	1D2C
		.set_xy_btt	1D3D
		.set_xy_tt	1D4C
		_set_tiles	1D7D
AREA _LIT
	RADIX HEX
	BASE 1D96
	SIZE 0000
	ATTRIB REL CON
AREA _GSINIT
	RADIX HEX
	BASE 1D96
	SIZE 0430
	ATTRIB REL CON
	GLOBALS
		gsinit	1D96
AREA _GSINITTAIL
	RADIX HEX
	BASE 21C6
	SIZE 0001
	ATTRIB REL CON
AREA _GSFINAL
	RADIX HEX
	BASE 21C7
	SIZE 0000
	ATTRIB REL CON
AREA _DATA
	RADIX HEX
	BASE C0A0
	SIZE 09C0
	ATTRIB REL CON
	GLOBALS
		_Sprites	C0A0
		_bgtiles	C110
		_backgroundmap	C240
AREA _BSS
	RADIX HEX
	BASE CA60
	SIZE 0059
	ATTRIB REL CON
	GLOBALS
		__cpu	CA60
		.mode	CA61
		__io_out	CA62
		__io_in	CA63
		__io_status	CA64
		.vbl_done	CA65
		__current_bank	CA66
		_sys_time	CA67
		.sys_time	CA67
		.int_0x40	CA69
		.int_0x48	CA79
		.int_0x50	CA89
		.int_0x58	CA99
		.int_0x60	CAA9
AREA _HEAP
	RADIX HEX
	BASE CAB9
	SIZE 0000
	ATTRIB REL CON
	GLOBALS
		_malloc_heap_start	CAB9
AREA _OVERLAY
	RADIX HEX
	BASE CAB9
	SIZE 0000
	ATTRIB REL CON
AREA _ISEG
	RADIX HEX
	BASE CAB9
	SIZE 0000
	ATTRIB REL CON
AREA _BSEG
	RADIX HEX
	BASE CAB9
	SIZE 0000
	ATTRIB REL CON
AREA _XSEG
	RADIX HEX
	BASE CAB9
	SIZE 0000
	ATTRIB REL CON
MODULES
	FILE /opt/gbdk/lib/small/asxxxx/gb/crt0.o
		NAME Runtime
	FILE main.o
		NAME lcc17710
LIBRARIES
	LIBRARY /opt/gbdk/lib/small/asxxxx/gbz80/gbz80.lib
		MODULE crt0_rle.o
	LIBRARY /opt/gbdk/lib/small/asxxxx/gb/gb.lib
		MODULE scroll_b.o
	LIBRARY /opt/gbdk/lib/small/asxxxx/gb/gb.lib
		MODULE set_prop.o
	LIBRARY /opt/gbdk/lib/small/asxxxx/gb/gb.lib
		MODULE pad.o
	LIBRARY /opt/gbdk/lib/small/asxxxx/gb/gb.lib
		MODULE mv_spr.o
	LIBRARY /opt/gbdk/lib/small/asxxxx/gb/gb.lib
		MODULE set_data.o
	LIBRARY /opt/gbdk/lib/small/asxxxx/gb/gb.lib
		MODULE scroll_s.o
	LIBRARY /opt/gbdk/lib/small/asxxxx/gb/gb.lib
		MODULE set_spr.o
	LIBRARY /opt/gbdk/lib/small/asxxxx/gb/gb.lib
		MODULE get_prop.o
	LIBRARY /opt/gbdk/lib/small/asxxxx/gb/gb.lib
		MODULE cpy_data.o
	LIBRARY /opt/gbdk/lib/small/asxxxx/gb/gb.lib
		MODULE set_bk_t.o
	LIBRARY /opt/gbdk/lib/small/asxxxx/gb/gb.lib
		MODULE set_xy_t.o
USERBASEDEF
	_CODE=0x0200
	_DATA=0xC0A0
	_CODE_1=0x4000
USERGLOBALDEF
	.OAM=0xC000
	.STACK=0xE000
	.refresh_OAM=0xFF80
	.init=0x0000
