AREA .  .ABS.
	RADIX HEX
	BASE 0000
	SIZE 0000
	ATTRIB ABS OVR
	GLOBALS
		l__HEAP	0000
		l__BSEG	0000
		l_.  .ABS.	0000
		l__GSFINAL	0000
		l__ISEG	0000
		s_.  .ABS.	0000
		s__HEADER	0000
		l__XSEG	0000
		.init	0000
		l__OVERLAY	0000
		l__LIT	0000
		l__GSINITTAIL	0001
		l__BSS	0059
		l__GSINIT	00D1
		l__HOME	01D3
		l__HEADER	01E1
		s__CODE	0200
		l__BASE	0205
		l__CODE	02F7
		s__HOME	04F7
		l__DATA	0630
		s__BASE	06CA
		s__LIT	08CF
		s__GSINIT	08CF
		s__GSINITTAIL	09A0
		s__GSFINAL	09A1
		.OAM	C000
		s__DATA	C0A0
		s__BSS	C6D0
		s__HEAP	C729
		s__BSEG	C729
		s__ISEG	C729
		s__XSEG	C729
		s__OVERLAY	C729
		.STACK	E000
		.refresh_OAM	FF80
AREA _CODE
	RADIX HEX
	BASE 0200
	SIZE 02F7
	ATTRIB REL CON
	GLOBALS
		_performantdelay	0200
		_main	0214
AREA _HEADER
	RADIX HEX
	BASE 0000
	SIZE 01E1
	ATTRIB ABS OVR
	GLOBALS
		_exit	01D2
AREA _HOME
	RADIX HEX
	BASE 04F7
	SIZE 01D3
	ATTRIB REL CON
	GLOBALS
		.set_mode	04F7
		.remove_VBL	0507
		.remove_LCD	050D
		.remove_TIM	0513
		.remove_SIO	0519
		.remove_JOY	051F
		.add_VBL	0525
		.add_LCD	052B
		.add_TIM	0531
		.add_SIO	0537
		.add_JOY	053D
		.remove_int	0543
		.add_int	0563
		.wait_vbl_done	057F
		_wait_vbl_done	057F
		_display_off	0596
		.display_off	0596
		.serial_IO	05B7
		_mode	05E6
		_get_mode	05EF
		_enable_interrupts	05F4
		_disable_interrupts	05F6
		_reset	05F8
		.reset	05F8
		_set_interrupts	05FE
		_remove_VBL	0609
		_remove_LCD	0614
		_remove_TIM	061F
		_remove_SIO	062A
		_remove_JOY	0635
		_add_VBL	0640
		_add_LCD	064B
		_add_TIM	0656
		_add_SIO	0661
		_add_JOY	066C
		_clock	0677
		__printTStates	0680
		banked_call	0681
		banked_ret	069A
		__initrleblock	06A3
AREA _BASE
	RADIX HEX
	BASE 06CA
	SIZE 0205
	ATTRIB REL CON
	GLOBALS
		_scroll_bkg	06CA
		.set_sprite_prop	06E0
		_set_sprite_prop	06ED
		.mv_sprite	06F8
		_move_sprite	0707
		_set_win_data	0714
		_set_bkg_data	0714
		_set_sprite_data	0761
		.scroll_sprite	0790
		_scroll_sprite	07A1
		.padup	07AE
		_waitpadup	07AE
		.jpad	07BE
		.wait_pad	07EB
		_joypad	07F2
		_waitpad	07F7
		.set_sprite_tile	0801
		_set_sprite_tile	080E
		.get_sprite_prop	0819
		_get_sprite_prop	0826
		.copy_vram	082F
		_get_data	083E
		_set_data	083E
		_set_bkg_tiles	0851
		.set_xy_wtt	0865
		.set_xy_btt	0876
		.set_xy_tt	0885
		_set_tiles	08B6
AREA _LIT
	RADIX HEX
	BASE 08CF
	SIZE 0000
	ATTRIB REL CON
AREA _GSINIT
	RADIX HEX
	BASE 08CF
	SIZE 00D1
	ATTRIB REL CON
	GLOBALS
		gsinit	08CF
AREA _GSINITTAIL
	RADIX HEX
	BASE 09A0
	SIZE 0001
	ATTRIB REL CON
AREA _GSFINAL
	RADIX HEX
	BASE 09A1
	SIZE 0000
	ATTRIB REL CON
AREA _DATA
	RADIX HEX
	BASE C0A0
	SIZE 0630
	ATTRIB REL CON
	GLOBALS
		_Sprites	C0A0
		_bgtiles	C110
		_backgroundmap	C130
AREA _BSS
	RADIX HEX
	BASE C6D0
	SIZE 0059
	ATTRIB REL CON
	GLOBALS
		__cpu	C6D0
		.mode	C6D1
		__io_out	C6D2
		__io_in	C6D3
		__io_status	C6D4
		.vbl_done	C6D5
		__current_bank	C6D6
		_sys_time	C6D7
		.sys_time	C6D7
		.int_0x40	C6D9
		.int_0x48	C6E9
		.int_0x50	C6F9
		.int_0x58	C709
		.int_0x60	C719
AREA _HEAP
	RADIX HEX
	BASE C729
	SIZE 0000
	ATTRIB REL CON
	GLOBALS
		_malloc_heap_start	C729
AREA _OVERLAY
	RADIX HEX
	BASE C729
	SIZE 0000
	ATTRIB REL CON
AREA _ISEG
	RADIX HEX
	BASE C729
	SIZE 0000
	ATTRIB REL CON
AREA _BSEG
	RADIX HEX
	BASE C729
	SIZE 0000
	ATTRIB REL CON
AREA _XSEG
	RADIX HEX
	BASE C729
	SIZE 0000
	ATTRIB REL CON
MODULES
	FILE /opt/gbdk/lib/small/asxxxx/gb/crt0.o
		NAME Runtime
	FILE main.o
		NAME lcc321320
LIBRARIES
	LIBRARY /opt/gbdk/lib/small/asxxxx/gbz80/gbz80.lib
		MODULE crt0_rle.o
	LIBRARY /opt/gbdk/lib/small/asxxxx/gb/gb.lib
		MODULE scroll_b.o
	LIBRARY /opt/gbdk/lib/small/asxxxx/gb/gb.lib
		MODULE set_prop.o
	LIBRARY /opt/gbdk/lib/small/asxxxx/gb/gb.lib
		MODULE mv_spr.o
	LIBRARY /opt/gbdk/lib/small/asxxxx/gb/gb.lib
		MODULE set_data.o
	LIBRARY /opt/gbdk/lib/small/asxxxx/gb/gb.lib
		MODULE scroll_s.o
	LIBRARY /opt/gbdk/lib/small/asxxxx/gb/gb.lib
		MODULE pad.o
	LIBRARY /opt/gbdk/lib/small/asxxxx/gb/gb.lib
		MODULE set_spr.o
	LIBRARY /opt/gbdk/lib/small/asxxxx/gb/gb.lib
		MODULE get_prop.o
	LIBRARY /opt/gbdk/lib/small/asxxxx/gb/gb.lib
		MODULE cpy_data.o
	LIBRARY /opt/gbdk/lib/small/asxxxx/gb/gb.lib
		MODULE set_bk_t.o
	LIBRARY /opt/gbdk/lib/small/asxxxx/gb/gb.lib
		MODULE set_xy_t.o
USERBASEDEF
	_CODE=0x0200
	_DATA=0xC0A0
	_CODE_1=0x4000
USERGLOBALDEF
	.OAM=0xC000
	.STACK=0xE000
	.refresh_OAM=0xFF80
	.init=0x0000
